// Jest Snapshot v1, https://goo.gl/fbAQLP

exports[`Loading renders 1`] = `
<div
  className="react-loading"
>
  <i
    className="icon fa fa-circle-o-notch fa-spin"
    onClick={undefined}
  />
</div>
`;
